// Jest Snapshot v1, https://goo.gl/fbAQLP

exports[`List tests renders correctly 1`] = `
<SafeAreaView>
  <Component
    onWillFocus={[Function]}
  />
  <FlatList
    ListEmptyComponent={<NoReportsLeftComponent />}
    accessibilityLabel="list-report"
    data={
      Array [
        Object {
          "address": "Via del Camoscio",
          "description": "Divano abbandonato in via Gramsci",
          "latitude": 44.1234,
          "longitude": 8.1234,
          "timestamp": "2018-12-09T14:40:35 -02:00",
          "title": "Divano abbandonato",
        },
      ]
    }
    disableVirtualization={false}
    horizontal={false}
    initialNumToRender={10}
    keyExtractor={[Function]}
    maxToRenderPerBatch={10}
    numColumns={1}
    onEndReachedThreshold={2}
    onRefresh={[Function]}
    refreshing={false}
    renderItem={[Function]}
    scrollEventThrottle={50}
    testID="list-report"
    updateCellsBatchingPeriod={50}
    windowSize={21}
  />
</SafeAreaView>
`;
