// Jest Snapshot v1, https://goo.gl/fbAQLP

exports[`renders correctly 1`] = `
<View
  style={
    Object {
      "bottom": 0,
      "left": 0,
      "position": "absolute",
      "right": 0,
      "top": 0,
    }
  }
>
  <MapView
    initialRegion={
      Object {
        "latitude": 44.4056,
        "latitudeDelta": 0.1,
        "longitude": 8.9463,
        "longitudeDelta": 0.1,
      }
    }
    onRegionChange={[Function]}
    style={
      Object {
        "bottom": 0,
        "left": 0,
        "position": "absolute",
        "right": 0,
        "top": 0,
      }
    }
  />
  <ActionButton
    buttonColor="dodgerblue"
    onPress={[Function]}
  >
    
  </ActionButton>
</View>
`;
