// Jest Snapshot v1, https://goo.gl/fbAQLP

exports[`SignUpScreen tests renders correctly 1`] = `
<Styled(Container)>
  <Styled(Content)>
    <Component
      source={
        Object {
          "testUri": "../../../App/Assets/Images/logo.png",
        }
      }
      style={
        Object {
          "alignSelf": "center",
          "height": 150,
          "marginTop": 20,
          "width": 150,
        }
      }
    />
    <View
      style={
        Object {
          "alignItems": "center",
          "flex": 1,
          "justifyContent": "center",
          "paddingTop": 50,
        }
      }
    >
      <Styled(Item)
        rounded={true}
        style={
          Object {
            "width": "90%",
          }
        }
      >
        <Styled(Icon)
          name="ios-person"
        />
        <Styled(Input)
          accessibilityLabel="ssn-signup"
          onChangeText={[Function]}
          placeholder="Codice Fiscale"
          testID="ssn-signup"
        />
      </Styled(Item)>
      <Styled(Item)
        rounded={true}
        style={
          Array [
            Object {
              "width": "90%",
            },
            Object {
              "marginTop": 20,
            },
          ]
        }
      >
        <Styled(Icon)
          name="ios-at"
        />
        <Styled(Input)
          accessibilityLabel="signup-email"
          onChangeText={[Function]}
          placeholder="Email"
          testID="signup-email"
        />
      </Styled(Item)>
      <Styled(Item)
        rounded={true}
        style={
          Array [
            Object {
              "width": "90%",
            },
            Object {
              "marginTop": 20,
            },
          ]
        }
      >
        <Styled(Icon)
          name="ios-lock"
        />
        <Styled(Input)
          accessibilityLabel="signup-password"
          onChangeText={[Function]}
          placeholder="Password"
          secureTextEntry={true}
          testID="signup-password"
        />
      </Styled(Item)>
      <Styled(Item)
        rounded={true}
        style={
          Array [
            Object {
              "width": "90%",
            },
            Object {
              "marginTop": 20,
            },
          ]
        }
      >
        <Styled(Icon)
          name="ios-lock"
        />
        <Styled(Input)
          accessibilityLabel="signup-confirmbutton"
          onChangeText={[Function]}
          placeholder="Conferma Password"
          secureTextEntry={true}
          testID="signup-confirmbutton"
        />
      </Styled(Item)>
      <CheckBox
        accessibilityLabel="gdpr-checkbox"
        center={false}
        checked={false}
        checkedColor="green"
        checkedIcon="check-square-o"
        iconRight={false}
        onPress={[Function]}
        right={false}
        size={24}
        testID="gdpr-checkbox"
        title="Acconsento al trattamento dei dati personali"
        uncheckedColor="#bfbfbf"
        uncheckedIcon="square-o"
      />
      <Styled(Text)
        onPress={[Function]}
        style={
          Array [
            Object {
              "color": "dodgerblue",
              "textDecorationLine": "underline",
            },
          ]
        }
      >
         Maggiori informazioni
      </Styled(Text)>
      <Styled(Button)
        accessibilityLabel="signup-button"
        onPress={[Function]}
        rounded={true}
        style={
          Object {
            "alignSelf": "center",
            "backgroundColor": "dodgerblue",
            "justifyContent": "center",
            "marginTop": 40,
            "width": "90%",
          }
        }
        testID="signup-button"
      >
        <Styled(Text)>
          Registrati
        </Styled(Text)>
      </Styled(Button)>
    </View>
  </Styled(Content)>
</Styled(Container)>
`;
