// Jest Snapshot v1, https://goo.gl/fbAQLP

exports[`SingleReportScreen tests renders correctly 1`] = `
<View
  style={
    Object {
      "alignItems": "center",
      "backgroundColor": "#FEFEFE",
      "flex": 1,
    }
  }
>
  <View
    style={
      Object {
        "padding": 5,
      }
    }
  >
    <Text
      accessibilityLabel="title-singlereport"
      style={
        Object {
          "borderBottomColor": "#EAEAEA",
          "borderBottomWidth": 1,
          "fontFamily": "HelveticaNeue-Italic",
          "fontSize": 30,
          "marginBottom": 10,
          "paddingBottom": 5,
          "textAlign": "center",
        }
      }
      testID="title-singlereport"
    >
      Divano abbandonato
    </Text>
    <Text
      accessibilityLabel="address-singlereport"
      style={
        Object {
          "fontSize": 12,
          "padding": 5,
          "textAlign": "center",
        }
      }
      testID="address-singlereport"
    >
      Via del Camoscio
      , 
      9 Dicembre 2018 alle 17:40
    </Text>
  </View>
  <ScrollView
    style={
      Object {
        "flexDirection": "column",
      }
    }
  >
    <Component
      source={
        Object {
          "testUri": "../../../App/Assets/Images/default_report_image.png",
        }
      }
      style={
        Object {
          "height": 750,
          "width": 750,
        }
      }
    />
    <View
      style={
        Object {
          "padding": 15,
        }
      }
    >
      <Text
        accessibilityLabel="description-singlereport"
        testID="description-singlereport"
      >
        Divano abbandonato in via Gramsci
      </Text>
      <View
        style={
          Object {
            "flex": 0.1,
          }
        }
      />
    </View>
  </ScrollView>
</View>
`;
