// Jest Snapshot v1, https://goo.gl/fbAQLP

exports[`SingleReportScreen tests renders correctly 1`] = `
<ScrollView>
  <View
    style={
      Object {
        "alignItems": "center",
        "flex": 1,
        "margin": 10,
      }
    }
  >
    <Text
      style={
        Object {
          "fontFamily": "HelveticaNeue-Italic",
          "fontSize": 30,
        }
      }
    >
      Divano abbandonato
    </Text>
    <Text>
      9 Dicembre 2018 alle 17:40
    </Text>
    <Text
      style={
        Object {
          "fontFamily": "Avenir-Book",
          "fontSize": 14,
        }
      }
    >
      Divano abbandonato in via Gramsci
    </Text>
    <Text />
    <Text />
    <Component
      source={
        Object {
          "testUri": "../../../App/Assets/Images/default_report_image.png",
        }
      }
      style={
        Object {
          "height": 400,
          "width": 400,
        }
      }
    />
  </View>
</ScrollView>
`;
